##  This file defines the mapping between the phy and interposer bump names.  It's written specifically for:
#   //msipott/customer_deliverables/Intel/d714-hbm2e_phy_tsmc7ff18/2019_08_22/dwc_hbm2e_cowos.gds.gz
#   //msipott/customer_deliverables/TSMC/HBM2e_TC/d714_hbm2e_top_fill_merged.gds.gz
#   This particular file is used to map the bottom phy instance on the interposer.
#   Used with the alphaCheckHbmPhyInt program.
#  
BP_AERRa[0] AERRa_esd
BP_AERRb[0] AERRb_esd
BP_AERRe[0] AERRe_esd
BP_AERRf[0] AERRf_esd
BP_ARFUa ARFUa_esd
BP_ARFUb ARFUb_esd
BP_ARFUe ARFUe_esd
BP_ARFUf ARFUf_esd
BP_Ca Ca_esd
BP_CaptureWR CaptureWR_esd
BP_CATTRIP CATTRIP_esd
BP_Cb Cb_esd
BP_Ce Ce_esd
BP_Cf Cf_esd
BP_CKa_c[0] CKa_c_esd
BP_CKa_t[0] CKa_t_esd
BP_CKb_c[0] CKb_c_esd
BP_CKb_t[0] CKb_t_esd
BP_CKEa[0] CKEa_esd
BP_CKEb[0] CKEb_esd
BP_CKe_c[0] CKe_c_esd
BP_CKEe[0] CKEe_esd
BP_CKEf[0] CKEf_esd
BP_CKe_t[0] CKe_t_esd
BP_CKEu CKEu_esd
BP_CKf_c[0] CKf_c_esd
BP_CKf_t[0] CKf_t_esd
BP_CKu_c CKu_c_esd
BP_CKu_t CKu_t_esd
BP_DBIa DBIa_esd
BP_DBIb DBIb_esd
BP_DBIe DBIe_esd
BP_DBIf DBIf_esd
BP_DERRa DERRa_esd
BP_DERRb DERRb_esd
BP_DERRe DERRe_esd
BP_DERRf DERRf_esd
BP_DMa DMa_esd
BP_DMb DMb_esd
BP_DMe DMe_esd
BP_DMf DMf_esd
BP_DQa DQa_esd
BP_DQb DQb_esd
BP_DQe DQe_esd
BP_DQf DQf_esd
BP_M_TEST M_TEST_esd
BP_PARa PARa_esd
BP_PARb PARb_esd
BP_PARe PARe_esd
BP_PARf PARf_esd
BP_Ra Ra_esd
BP_Rb Rb_esd
BP_RCa[0] RCa_esd
BP_RCb[0] RCb_esd
BP_RCe[0] RCe_esd
BP_RCf[0] RCf_esd
BP_RDa RDa_esd
BP_RDb RDb_esd
BP_RDe RDe_esd
BP_RDf RDf_esd
BP_RDQSa_c RDQSa_c_esd
BP_RDQSa_t RDQSa_t_esd
BP_RDQSb_c RDQSb_c_esd
BP_RDQSb_t RDQSb_t_esd
BP_RDQSe_c RDQSe_c_esd
BP_RDQSe_t RDQSe_t_esd
BP_RDQSf_c RDQSf_c_esd
BP_RDQSf_t RDQSf_t_esd
BP_Re Re_esd
BP_RESET_n RESET_n_esd
BP_Rf Rf_esd
BP_RRa[0] RRa_esd
BP_RRb[0] RRb_esd
BP_RRe[0] RRe_esd
BP_RRf[0] RRf_esd
BP_SelectWIR SelectWIR_esd
BP_ShiftWR ShiftWR_esd
BP_TEMP TEMP_esd
BP_TieHi TieHi_esd
BP_TieLo TieLo_esd
BP_UpdateWR UpdateWR_esd
BP_VREF VREF_esd
BP_WDQSa_c WDQSa_c_esd
BP_WDQSa_t WDQSa_t_esd
BP_WDQSb_c WDQSb_c_esd
BP_WDQSb_t WDQSb_t_esd
BP_WDQSe_c WDQSe_c_esd
BP_WDQSe_t WDQSe_t_esd
BP_WDQSf_c WDQSf_c_esd
BP_WDQSf_t WDQSf_t_esd
BP_WRCK WRCK_esd
BP_WRST_n WRST_n_esd
BP_WSI WSI_esd
BP_WSOa[0] WSOa_esd
BP_WSOb[0] WSOb_esd
BP_WSOc[0] WSOc_esd
BP_WSOd[0] WSOd_esd
BP_WSOe[0] WSOe_esd
BP_WSOf[0] WSOf_esd
BP_WSOg[0] WSOg_esd
BP_WSOh[0] WSOh_esd
BP_ZN ZN_esd
chip_rst_n chip_rst_n_esd
clk_n clk_n_esd
clk_p clk_p_esd
scan_di scan_di_esd
scan_do scan_do_esd
scan_en scan_en_esd
scan_mode_comp scan_mode_comp_esd
scan_mode scan_mode_esd
tck tck_esd
TC_VDDQ VDDQtc_esd
tdi tdi_esd
tdo tdo_esd
tms tms_esd
trst_n trst_n_esd
VAA VAA_esd
VDDQ VDDQ_esd
VDD VDD_esd
VSS VSS_esd
